stm32f3xx_ll_exti.h:1219:26:LL_EXTI_IsActiveFlag_0_31	16	static
stm32f3xx_ll_exti.h:1336:22:LL_EXTI_ClearFlag_0_31	16	static
stm32f3xx_ll_gpio.h:814:26:LL_GPIO_IsInputPinSet	16	static
stm32f3xx_it.c:51:9:check_button_state	24	static
stm32f3xx_it.c:98:6:NMI_Handler	4	static
stm32f3xx_it.c:111:6:HardFault_Handler	4	static
stm32f3xx_it.c:126:6:MemManage_Handler	4	static
stm32f3xx_it.c:141:6:BusFault_Handler	4	static
stm32f3xx_it.c:156:6:UsageFault_Handler	4	static
stm32f3xx_it.c:171:6:SVC_Handler	4	static
stm32f3xx_it.c:184:6:DebugMon_Handler	4	static
stm32f3xx_it.c:197:6:PendSV_Handler	4	static
stm32f3xx_it.c:210:6:SysTick_Handler	4	static
stm32f3xx_it.c:231:6:EXTI3_IRQHandler	8	static
